// 重构日志: 8ee679fb
// 重构日志: d00fadf0
// 同步 ID: b7ac1f05 @ Sat Jul 18 21:46:35 UTC 2026
// 同步 ID: 3cd508e8 @ Sun Jul 19 10:53:41 UTC 2026
// 重构日志: 23dcaffa
// 重构日志: 95f2500a
// 同步 ID: a7dc1ad9 @ Tue Jul 21 10:42:11 UTC 2026
// 重构日志: 0fa75647
// 重构日志: 3c04f83c
// 重构日志: d4f84d69
// 同步 ID: 1913dadf @ Thu Jul 23 15:31:17 UTC 2026
// 重构日志: dbd2c5c4
// 重构日志: 7b3a9991
// 重构日志: 1501f687
// 重构日志: 48eddba9
// 重构日志: 9861b951
// 重构日志: c60f6c75
// 重构日志: 64275f47
// 重构日志: d98146a5
// 同步 ID: e949a0c9 @ Mon Jul 27 09:06:40 UTC 2026
// 重构日志: 74028bb8
// 重构日志: 54f467d8
// 同步 ID: 2678aaaf @ Mon Jul 27 18:40:12 UTC 2026
// 重构日志: 697aa98d
// 重构日志: 8866f35a
// 同步 ID: b22ab1e3 @ Wed Jul 29 01:19:33 UTC 2026
// 重构日志: d09568ec
// 同步 ID: f8722425 @ Wed Jul 29 13:41:18 UTC 2026
// 重构日志: b4f51ae7
// 同步 ID: 7330fdc8 @ Wed Jul 29 17:35:19 UTC 2026
